exports[`<Table /> should render correctly 1`] = `
<Table>
  <table
    data-radium={true}
    style={Object {}}>
    <tbody>
      <tbody>
        <tr>
          <td>
            Table Content
          </td>
        </tr>
      </tbody>
    </tbody>
  </table>
</Table>
`;
